Symobl Not defined : " " at line no : 1
